[2025-07-03T19:22:46.535+0000] {local_task_job_runner.py:123} INFO - ::group::Pre task execution logs
[2025-07-03T19:22:46.585+0000] {taskinstance.py:2612} INFO - Dependencies all met for dep_context=non-requeueable deps ti=<TaskInstance: extract_raw_data_pipeline.create_raw_table scheduled__2025-07-03T07:58:00+00:00 [queued]>
[2025-07-03T19:22:46.617+0000] {taskinstance.py:2612} INFO - Dependencies all met for dep_context=requeueable deps ti=<TaskInstance: extract_raw_data_pipeline.create_raw_table scheduled__2025-07-03T07:58:00+00:00 [queued]>
[2025-07-03T19:22:46.618+0000] {taskinstance.py:2865} INFO - Starting attempt 1 of 1
[2025-07-03T19:22:46.675+0000] {taskinstance.py:2888} INFO - Executing <Task(SQLExecuteQueryOperator): create_raw_table> on 2025-07-03 07:58:00+00:00
[2025-07-03T19:22:46.718+0000] {warnings.py:112} WARNING - /home/***/.local/lib/python3.12/site-packages/***/task/task_runner/standard_task_runner.py:70: DeprecationWarning: This process (pid=100) is multi-threaded, use of fork() may lead to deadlocks in the child.
  pid = os.fork()

[2025-07-03T19:22:46.738+0000] {standard_task_runner.py:72} INFO - Started process 111 to run task
[2025-07-03T19:22:46.748+0000] {standard_task_runner.py:104} INFO - Running: ['***', 'tasks', 'run', 'extract_raw_data_pipeline', 'create_raw_table', 'scheduled__2025-07-03T07:58:00+00:00', '--job-id', '56', '--raw', '--subdir', 'DAGS_FOLDER/driven_data_pipeline.py', '--cfg-path', '/tmp/tmp1us0_ay4']
[2025-07-03T19:22:46.753+0000] {standard_task_runner.py:105} INFO - Job 56: Subtask create_raw_table
[2025-07-03T19:22:47.159+0000] {task_command.py:467} INFO - Running <TaskInstance: extract_raw_data_pipeline.create_raw_table scheduled__2025-07-03T07:58:00+00:00 [running]> on host 262baf4b9969
[2025-07-03T19:22:47.653+0000] {taskinstance.py:3131} INFO - Exporting env vars: AIRFLOW_CTX_DAG_OWNER='***' AIRFLOW_CTX_DAG_ID='extract_raw_data_pipeline' AIRFLOW_CTX_TASK_ID='create_raw_table' AIRFLOW_CTX_EXECUTION_DATE='2025-07-03T07:58:00+00:00' AIRFLOW_CTX_TRY_NUMBER='1' AIRFLOW_CTX_DAG_RUN_ID='scheduled__2025-07-03T07:58:00+00:00'
[2025-07-03T19:22:47.660+0000] {taskinstance.py:731} INFO - ::endgroup::
[2025-07-03T19:22:47.716+0000] {sql.py:266} INFO - Executing: 
        CREATE TABLE IF NOT EXISTS driven_raw.raw_batch_data (
            person_name VARCHAR(100),
            user_name VARCHAR(100),
            email VARCHAR(100),
            personal_number VARCHAR(100), 
            birth_date VARCHAR(100), 
            address VARCHAR(100),
            phone VARCHAR(100), 
            mac_address VARCHAR(100),
            ip_address VARCHAR(100),
            iban VARCHAR(100),
            accessed_at TIMESTAMP,
            session_duration VARCHAR(100),
            download_speed VARCHAR(100),
            upload_speed VARCHAR(100),
            consumed_traffic VARCHAR(100),
            unique_id VARCHAR(100)
        );
    
[2025-07-03T19:22:47.744+0000] {base.py:84} INFO - Retrieving connection 'postgres_conn'
[2025-07-03T19:22:47.775+0000] {base.py:84} INFO - Retrieving connection 'postgres_conn'
[2025-07-03T19:22:47.791+0000] {sql.py:509} INFO - Running statement: 
        CREATE TABLE IF NOT EXISTS driven_raw.raw_batch_data (
            person_name VARCHAR(100),
            user_name VARCHAR(100),
            email VARCHAR(100),
            personal_number VARCHAR(100), 
            birth_date VARCHAR(100), 
            address VARCHAR(100),
            phone VARCHAR(100), 
            mac_address VARCHAR(100),
            ip_address VARCHAR(100),
            iban VARCHAR(100),
            accessed_at TIMESTAMP,
            session_duration VARCHAR(100),
            download_speed VARCHAR(100),
            upload_speed VARCHAR(100),
            consumed_traffic VARCHAR(100),
            unique_id VARCHAR(100)
        );
    , parameters: None
[2025-07-03T19:22:47.832+0000] {taskinstance.py:340} INFO - ::group::Post task execution logs
[2025-07-03T19:22:47.839+0000] {taskinstance.py:352} INFO - Marking task as SUCCESS. dag_id=extract_raw_data_pipeline, task_id=create_raw_table, run_id=scheduled__2025-07-03T07:58:00+00:00, execution_date=20250703T075800, start_date=20250703T192246, end_date=20250703T192247
[2025-07-03T19:22:47.971+0000] {local_task_job_runner.py:266} INFO - Task exited with return code 0
[2025-07-03T19:22:48.065+0000] {taskinstance.py:3900} INFO - 1 downstream tasks scheduled from follow-on schedule check
[2025-07-03T19:22:48.069+0000] {local_task_job_runner.py:245} INFO - ::endgroup::
