[2025-06-30T03:17:17.844+0000] {local_task_job_runner.py:123} INFO - ::group::Pre task execution logs
[2025-06-30T03:17:17.868+0000] {taskinstance.py:2612} INFO - Dependencies all met for dep_context=non-requeueable deps ti=<TaskInstance: extract_raw_data_pipeline.run_dbt_trusted manual__2025-06-30T03:16:39.418198+00:00 [queued]>
[2025-06-30T03:17:17.880+0000] {taskinstance.py:2612} INFO - Dependencies all met for dep_context=requeueable deps ti=<TaskInstance: extract_raw_data_pipeline.run_dbt_trusted manual__2025-06-30T03:16:39.418198+00:00 [queued]>
[2025-06-30T03:17:17.882+0000] {taskinstance.py:2865} INFO - Starting attempt 1 of 1
[2025-06-30T03:17:17.903+0000] {taskinstance.py:2888} INFO - Executing <Task(BashOperator): run_dbt_trusted> on 2025-06-30 03:16:39.418198+00:00
[2025-06-30T03:17:17.911+0000] {warnings.py:112} WARNING - /home/***/.local/lib/python3.12/site-packages/***/task/task_runner/standard_task_runner.py:70: DeprecationWarning: This process (pid=1490) is multi-threaded, use of fork() may lead to deadlocks in the child.
  pid = os.fork()

[2025-06-30T03:17:17.914+0000] {standard_task_runner.py:72} INFO - Started process 1491 to run task
[2025-06-30T03:17:17.914+0000] {standard_task_runner.py:104} INFO - Running: ['***', 'tasks', 'run', 'extract_raw_data_pipeline', 'run_dbt_trusted', 'manual__2025-06-30T03:16:39.418198+00:00', '--job-id', '14', '--raw', '--subdir', 'DAGS_FOLDER/driven_data_pipeline.py', '--cfg-path', '/tmp/tmp5a57g6xa']
[2025-06-30T03:17:17.915+0000] {standard_task_runner.py:105} INFO - Job 14: Subtask run_dbt_trusted
[2025-06-30T03:17:18.026+0000] {task_command.py:467} INFO - Running <TaskInstance: extract_raw_data_pipeline.run_dbt_trusted manual__2025-06-30T03:16:39.418198+00:00 [running]> on host e5fa35027304
[2025-06-30T03:17:18.204+0000] {taskinstance.py:3131} INFO - Exporting env vars: AIRFLOW_CTX_DAG_OWNER='***' AIRFLOW_CTX_DAG_ID='extract_raw_data_pipeline' AIRFLOW_CTX_TASK_ID='run_dbt_trusted' AIRFLOW_CTX_EXECUTION_DATE='2025-06-30T03:16:39.418198+00:00' AIRFLOW_CTX_TRY_NUMBER='1' AIRFLOW_CTX_DAG_RUN_ID='manual__2025-06-30T03:16:39.418198+00:00'
[2025-06-30T03:17:18.205+0000] {taskinstance.py:731} INFO - ::endgroup::
[2025-06-30T03:17:18.227+0000] {subprocess.py:63} INFO - Tmp dir root location: /tmp
[2025-06-30T03:17:18.229+0000] {subprocess.py:75} INFO - Running command: ['/usr/bin/bash', '-c', 'set -x; cd /opt/***/dbt && dbt run --select tag:trusted']
[2025-06-30T03:17:18.243+0000] {subprocess.py:86} INFO - Output:
[2025-06-30T03:17:18.245+0000] {subprocess.py:93} INFO - + cd /opt/***/dbt
[2025-06-30T03:17:18.247+0000] {subprocess.py:93} INFO - + dbt run --select tag:trusted
[2025-06-30T03:17:19.703+0000] {subprocess.py:93} INFO - [0m03:17:19  Running with dbt=1.8.0
[2025-06-30T03:17:20.169+0000] {subprocess.py:93} INFO - [0m03:17:20  Registered adapter: postgres=1.8.2
[2025-06-30T03:17:20.940+0000] {subprocess.py:93} INFO - [0m03:17:20  Found 9 models, 10 sources, 428 macros
[2025-06-30T03:17:20.946+0000] {subprocess.py:93} INFO - [0m03:17:20
[2025-06-30T03:17:21.148+0000] {subprocess.py:93} INFO - [0m03:17:21  Concurrency: 1 threads (target='dev')
[2025-06-30T03:17:21.151+0000] {subprocess.py:93} INFO - [0m03:17:21
[2025-06-30T03:17:21.164+0000] {subprocess.py:93} INFO - [0m03:17:21  1 of 4 START sql table model driven_trusted.non_pii_data ....................... [RUN]
[2025-06-30T03:17:21.352+0000] {subprocess.py:93} INFO - [0m03:17:21  1 of 4 OK created sql table model driven_trusted.non_pii_data .................. [[32mSELECT 10[0m in 0.18s]
[2025-06-30T03:17:21.355+0000] {subprocess.py:93} INFO - [0m03:17:21  2 of 4 START sql table model driven_trusted.payment_data ....................... [RUN]
[2025-06-30T03:17:21.429+0000] {subprocess.py:93} INFO - [0m03:17:21  2 of 4 OK created sql table model driven_trusted.payment_data .................. [[32mSELECT 10[0m in 0.07s]
[2025-06-30T03:17:21.432+0000] {subprocess.py:93} INFO - [0m03:17:21  3 of 4 START sql table model driven_trusted.pii_data ........................... [RUN]
[2025-06-30T03:17:21.517+0000] {subprocess.py:93} INFO - [0m03:17:21  3 of 4 OK created sql table model driven_trusted.pii_data ...................... [[32mSELECT 10[0m in 0.08s]
[2025-06-30T03:17:21.521+0000] {subprocess.py:93} INFO - [0m03:17:21  4 of 4 START sql table model driven_trusted.technical_data ..................... [RUN]
[2025-06-30T03:17:21.604+0000] {subprocess.py:93} INFO - [0m03:17:21  4 of 4 OK created sql table model driven_trusted.technical_data ................ [[32mSELECT 10[0m in 0.08s]
[2025-06-30T03:17:21.626+0000] {subprocess.py:93} INFO - [0m03:17:21
[2025-06-30T03:17:21.628+0000] {subprocess.py:93} INFO - [0m03:17:21  Finished running 4 table models in 0 hours 0 minutes and 0.68 seconds (0.68s).
[2025-06-30T03:17:21.706+0000] {subprocess.py:93} INFO - [0m03:17:21
[2025-06-30T03:17:21.707+0000] {subprocess.py:93} INFO - [0m03:17:21  [32mCompleted successfully[0m
[2025-06-30T03:17:21.709+0000] {subprocess.py:93} INFO - [0m03:17:21
[2025-06-30T03:17:21.710+0000] {subprocess.py:93} INFO - [0m03:17:21  Done. PASS=4 WARN=0 ERROR=0 SKIP=0 TOTAL=4
[2025-06-30T03:17:22.458+0000] {subprocess.py:97} INFO - Command exited with return code 0
[2025-06-30T03:17:22.505+0000] {taskinstance.py:340} INFO - ::group::Post task execution logs
[2025-06-30T03:17:22.506+0000] {taskinstance.py:352} INFO - Marking task as SUCCESS. dag_id=extract_raw_data_pipeline, task_id=run_dbt_trusted, run_id=manual__2025-06-30T03:16:39.418198+00:00, execution_date=20250630T031639, start_date=20250630T031717, end_date=20250630T031722
[2025-06-30T03:17:22.798+0000] {local_task_job_runner.py:266} INFO - Task exited with return code 0
[2025-06-30T03:17:22.820+0000] {taskinstance.py:3900} INFO - 0 downstream tasks scheduled from follow-on schedule check
[2025-06-30T03:17:22.823+0000] {local_task_job_runner.py:245} INFO - ::endgroup::
