[2025-07-01T21:28:00.816+0000] {local_task_job_runner.py:123} INFO - ::group::Pre task execution logs
[2025-07-01T21:28:00.859+0000] {taskinstance.py:2612} INFO - Dependencies all met for dep_context=non-requeueable deps ti=<TaskInstance: extract_raw_data_pipeline.run_dbt_staging manual__2025-07-01T21:27:31.414193+00:00 [queued]>
[2025-07-01T21:28:00.883+0000] {taskinstance.py:2612} INFO - Dependencies all met for dep_context=requeueable deps ti=<TaskInstance: extract_raw_data_pipeline.run_dbt_staging manual__2025-07-01T21:27:31.414193+00:00 [queued]>
[2025-07-01T21:28:00.884+0000] {taskinstance.py:2865} INFO - Starting attempt 1 of 1
[2025-07-01T21:28:00.931+0000] {taskinstance.py:2888} INFO - Executing <Task(BashOperator): run_dbt_staging> on 2025-07-01 21:27:31.414193+00:00
[2025-07-01T21:28:00.951+0000] {warnings.py:112} WARNING - /home/***/.local/lib/python3.12/site-packages/***/task/task_runner/standard_task_runner.py:70: DeprecationWarning: This process (pid=386) is multi-threaded, use of fork() may lead to deadlocks in the child.
  pid = os.fork()

[2025-07-01T21:28:00.956+0000] {standard_task_runner.py:72} INFO - Started process 387 to run task
[2025-07-01T21:28:00.958+0000] {standard_task_runner.py:104} INFO - Running: ['***', 'tasks', 'run', 'extract_raw_data_pipeline', 'run_dbt_staging', 'manual__2025-07-01T21:27:31.414193+00:00', '--job-id', '29', '--raw', '--subdir', 'DAGS_FOLDER/driven_data_pipeline.py', '--cfg-path', '/tmp/tmp67xbid01']
[2025-07-01T21:28:00.962+0000] {standard_task_runner.py:105} INFO - Job 29: Subtask run_dbt_staging
[2025-07-01T21:28:01.165+0000] {task_command.py:467} INFO - Running <TaskInstance: extract_raw_data_pipeline.run_dbt_staging manual__2025-07-01T21:27:31.414193+00:00 [running]> on host e5fa35027304
[2025-07-01T21:28:01.456+0000] {taskinstance.py:3131} INFO - Exporting env vars: AIRFLOW_CTX_DAG_OWNER='***' AIRFLOW_CTX_DAG_ID='extract_raw_data_pipeline' AIRFLOW_CTX_TASK_ID='run_dbt_staging' AIRFLOW_CTX_EXECUTION_DATE='2025-07-01T21:27:31.414193+00:00' AIRFLOW_CTX_TRY_NUMBER='1' AIRFLOW_CTX_DAG_RUN_ID='manual__2025-07-01T21:27:31.414193+00:00'
[2025-07-01T21:28:01.458+0000] {taskinstance.py:731} INFO - ::endgroup::
[2025-07-01T21:28:01.531+0000] {subprocess.py:63} INFO - Tmp dir root location: /tmp
[2025-07-01T21:28:01.556+0000] {subprocess.py:75} INFO - Running command: ['/usr/bin/bash', '-c', 'set -x; cd /opt/***/dbt && dbt run --select tag:staging']
[2025-07-01T21:28:01.591+0000] {subprocess.py:86} INFO - Output:
[2025-07-01T21:28:01.613+0000] {subprocess.py:93} INFO - + cd /opt/***/dbt
[2025-07-01T21:28:01.615+0000] {subprocess.py:93} INFO - + dbt run --select tag:staging
[2025-07-01T21:28:07.963+0000] {subprocess.py:93} INFO - [0m21:28:07  Running with dbt=1.8.0
[2025-07-01T21:28:08.663+0000] {subprocess.py:93} INFO - [0m21:28:08  Registered adapter: postgres=1.8.2
[2025-07-01T21:28:10.158+0000] {subprocess.py:93} INFO - [0m21:28:10  Found 9 models, 10 sources, 428 macros
[2025-07-01T21:28:10.169+0000] {subprocess.py:93} INFO - [0m21:28:10
[2025-07-01T21:28:10.505+0000] {subprocess.py:93} INFO - [0m21:28:10  Concurrency: 1 threads (target='dev')
[2025-07-01T21:28:10.507+0000] {subprocess.py:93} INFO - [0m21:28:10
[2025-07-01T21:28:10.531+0000] {subprocess.py:93} INFO - [0m21:28:10  1 of 5 START sql table model driven_staging.dim_address ........................ [RUN]
[2025-07-01T21:28:10.912+0000] {subprocess.py:93} INFO - [0m21:28:10  1 of 5 OK created sql table model driven_staging.dim_address ................... [[32mSELECT 20[0m in 0.37s]
[2025-07-01T21:28:10.917+0000] {subprocess.py:93} INFO - [0m21:28:10  2 of 5 START sql table model driven_staging.dim_date ........................... [RUN]
[2025-07-01T21:28:11.103+0000] {subprocess.py:93} INFO - [0m21:28:11  2 of 5 OK created sql table model driven_staging.dim_date ...................... [[32mSELECT 20[0m in 0.18s]
[2025-07-01T21:28:11.109+0000] {subprocess.py:93} INFO - [0m21:28:11  3 of 5 START sql table model driven_staging.dim_finance ........................ [RUN]
[2025-07-01T21:28:11.325+0000] {subprocess.py:93} INFO - [0m21:28:11  3 of 5 OK created sql table model driven_staging.dim_finance ................... [[32mSELECT 20[0m in 0.21s]
[2025-07-01T21:28:11.333+0000] {subprocess.py:93} INFO - [0m21:28:11  4 of 5 START sql table model driven_staging.dim_person ......................... [RUN]
[2025-07-01T21:28:11.564+0000] {subprocess.py:93} INFO - [0m21:28:11  4 of 5 OK created sql table model driven_staging.dim_person .................... [[32mSELECT 20[0m in 0.22s]
[2025-07-01T21:28:11.572+0000] {subprocess.py:93} INFO - [0m21:28:11  5 of 5 START sql table model driven_staging.fact_network_usage ................. [RUN]
[2025-07-01T21:28:11.778+0000] {subprocess.py:93} INFO - [0m21:28:11  5 of 5 OK created sql table model driven_staging.fact_network_usage ............ [[32mSELECT 20[0m in 0.20s]
[2025-07-01T21:28:11.814+0000] {subprocess.py:93} INFO - [0m21:28:11
[2025-07-01T21:28:11.816+0000] {subprocess.py:93} INFO - [0m21:28:11  Finished running 5 table models in 0 hours 0 minutes and 1.64 seconds (1.64s).
[2025-07-01T21:28:11.954+0000] {subprocess.py:93} INFO - [0m21:28:11
[2025-07-01T21:28:11.956+0000] {subprocess.py:93} INFO - [0m21:28:11  [32mCompleted successfully[0m
[2025-07-01T21:28:11.957+0000] {subprocess.py:93} INFO - [0m21:28:11
[2025-07-01T21:28:11.959+0000] {subprocess.py:93} INFO - [0m21:28:11  Done. PASS=5 WARN=0 ERROR=0 SKIP=0 TOTAL=5
[2025-07-01T21:28:13.196+0000] {subprocess.py:97} INFO - Command exited with return code 0
[2025-07-01T21:28:13.285+0000] {taskinstance.py:340} INFO - ::group::Post task execution logs
[2025-07-01T21:28:13.286+0000] {taskinstance.py:352} INFO - Marking task as SUCCESS. dag_id=extract_raw_data_pipeline, task_id=run_dbt_staging, run_id=manual__2025-07-01T21:27:31.414193+00:00, execution_date=20250701T212731, start_date=20250701T212800, end_date=20250701T212813
[2025-07-01T21:28:13.360+0000] {local_task_job_runner.py:266} INFO - Task exited with return code 0
[2025-07-01T21:28:13.426+0000] {taskinstance.py:3900} INFO - 1 downstream tasks scheduled from follow-on schedule check
[2025-07-01T21:28:13.430+0000] {local_task_job_runner.py:245} INFO - ::endgroup::
