[2025-07-07T03:44:47.117+0000] {local_task_job_runner.py:123} INFO - ::group::Pre task execution logs
[2025-07-07T03:44:47.137+0000] {taskinstance.py:2612} INFO - Dependencies all met for dep_context=non-requeueable deps ti=<TaskInstance: extract_raw_data_pipeline.run_dbt_trusted manual__2025-07-07T03:43:43.761552+00:00 [queued]>
[2025-07-07T03:44:47.148+0000] {taskinstance.py:2612} INFO - Dependencies all met for dep_context=requeueable deps ti=<TaskInstance: extract_raw_data_pipeline.run_dbt_trusted manual__2025-07-07T03:43:43.761552+00:00 [queued]>
[2025-07-07T03:44:47.149+0000] {taskinstance.py:2865} INFO - Starting attempt 1 of 1
[2025-07-07T03:44:47.166+0000] {taskinstance.py:2888} INFO - Executing <Task(BashOperator): run_dbt_trusted> on 2025-07-07 03:43:43.761552+00:00
[2025-07-07T03:44:47.173+0000] {warnings.py:112} WARNING - /home/***/.local/lib/python3.12/site-packages/***/task/task_runner/standard_task_runner.py:70: DeprecationWarning: This process (pid=164) is multi-threaded, use of fork() may lead to deadlocks in the child.
  pid = os.fork()

[2025-07-07T03:44:47.175+0000] {standard_task_runner.py:72} INFO - Started process 166 to run task
[2025-07-07T03:44:47.175+0000] {standard_task_runner.py:104} INFO - Running: ['***', 'tasks', 'run', 'extract_raw_data_pipeline', 'run_dbt_trusted', 'manual__2025-07-07T03:43:43.761552+00:00', '--job-id', '281', '--raw', '--subdir', 'DAGS_FOLDER/driven_data_pipeline.py', '--cfg-path', '/tmp/tmpezaronps']
[2025-07-07T03:44:47.176+0000] {standard_task_runner.py:105} INFO - Job 281: Subtask run_dbt_trusted
[2025-07-07T03:44:47.242+0000] {task_command.py:467} INFO - Running <TaskInstance: extract_raw_data_pipeline.run_dbt_trusted manual__2025-07-07T03:43:43.761552+00:00 [running]> on host 0d37b0353949
[2025-07-07T03:44:47.366+0000] {taskinstance.py:3131} INFO - Exporting env vars: AIRFLOW_CTX_DAG_OWNER='***' AIRFLOW_CTX_DAG_ID='extract_raw_data_pipeline' AIRFLOW_CTX_TASK_ID='run_dbt_trusted' AIRFLOW_CTX_EXECUTION_DATE='2025-07-07T03:43:43.761552+00:00' AIRFLOW_CTX_TRY_NUMBER='1' AIRFLOW_CTX_DAG_RUN_ID='manual__2025-07-07T03:43:43.761552+00:00'
[2025-07-07T03:44:47.367+0000] {taskinstance.py:731} INFO - ::endgroup::
[2025-07-07T03:44:47.396+0000] {subprocess.py:63} INFO - Tmp dir root location: /tmp
[2025-07-07T03:44:47.398+0000] {subprocess.py:75} INFO - Running command: ['/usr/bin/bash', '-c', 'set -x; cd /opt/***/dbt && dbt run --select tag:trusted']
[2025-07-07T03:44:47.412+0000] {subprocess.py:86} INFO - Output:
[2025-07-07T03:44:47.429+0000] {subprocess.py:93} INFO - + cd /opt/***/dbt
[2025-07-07T03:44:47.430+0000] {subprocess.py:93} INFO - + dbt run --select tag:trusted
[2025-07-07T03:44:50.953+0000] {subprocess.py:93} INFO - [0m03:44:50  Running with dbt=1.8.0
[2025-07-07T03:44:51.355+0000] {subprocess.py:93} INFO - [0m03:44:51  Registered adapter: postgres=1.8.2
[2025-07-07T03:44:51.936+0000] {subprocess.py:93} INFO - [0m03:44:51  Found 9 models, 10 sources, 428 macros
[2025-07-07T03:44:51.941+0000] {subprocess.py:93} INFO - [0m03:44:51
[2025-07-07T03:44:52.108+0000] {subprocess.py:93} INFO - [0m03:44:52  Concurrency: 1 threads (target='dev')
[2025-07-07T03:44:52.109+0000] {subprocess.py:93} INFO - [0m03:44:52
[2025-07-07T03:44:52.122+0000] {subprocess.py:93} INFO - [0m03:44:52  1 of 4 START sql table model driven_trusted.non_pii_data ....................... [RUN]
[2025-07-07T03:44:52.322+0000] {subprocess.py:93} INFO - [0m03:44:52  1 of 4 OK created sql table model driven_trusted.non_pii_data .................. [[32mSELECT 183[0m in 0.20s]
[2025-07-07T03:44:52.325+0000] {subprocess.py:93} INFO - [0m03:44:52  2 of 4 START sql table model driven_trusted.payment_data ....................... [RUN]
[2025-07-07T03:44:52.423+0000] {subprocess.py:93} INFO - [0m03:44:52  2 of 4 OK created sql table model driven_trusted.payment_data .................. [[32mSELECT 183[0m in 0.09s]
[2025-07-07T03:44:52.427+0000] {subprocess.py:93} INFO - [0m03:44:52  3 of 4 START sql table model driven_trusted.pii_data ........................... [RUN]
[2025-07-07T03:44:52.540+0000] {subprocess.py:93} INFO - [0m03:44:52  3 of 4 OK created sql table model driven_trusted.pii_data ...................... [[32mSELECT 183[0m in 0.11s]
[2025-07-07T03:44:52.544+0000] {subprocess.py:93} INFO - [0m03:44:52  4 of 4 START sql table model driven_trusted.technical_data ..................... [RUN]
[2025-07-07T03:44:52.647+0000] {subprocess.py:93} INFO - [0m03:44:52  4 of 4 OK created sql table model driven_trusted.technical_data ................ [[32mSELECT 183[0m in 0.10s]
[2025-07-07T03:44:52.667+0000] {subprocess.py:93} INFO - [0m03:44:52
[2025-07-07T03:44:52.667+0000] {subprocess.py:93} INFO - [0m03:44:52  Finished running 4 table models in 0 hours 0 minutes and 0.72 seconds (0.72s).
[2025-07-07T03:44:52.732+0000] {subprocess.py:93} INFO - [0m03:44:52
[2025-07-07T03:44:52.733+0000] {subprocess.py:93} INFO - [0m03:44:52  [32mCompleted successfully[0m
[2025-07-07T03:44:52.734+0000] {subprocess.py:93} INFO - [0m03:44:52
[2025-07-07T03:44:52.735+0000] {subprocess.py:93} INFO - [0m03:44:52  Done. PASS=4 WARN=0 ERROR=0 SKIP=0 TOTAL=4
[2025-07-07T03:44:53.533+0000] {subprocess.py:97} INFO - Command exited with return code 0
[2025-07-07T03:44:53.562+0000] {taskinstance.py:340} INFO - ::group::Post task execution logs
[2025-07-07T03:44:53.563+0000] {taskinstance.py:352} INFO - Marking task as SUCCESS. dag_id=extract_raw_data_pipeline, task_id=run_dbt_trusted, run_id=manual__2025-07-07T03:43:43.761552+00:00, execution_date=20250707T034343, start_date=20250707T034447, end_date=20250707T034453
[2025-07-07T03:44:53.610+0000] {local_task_job_runner.py:266} INFO - Task exited with return code 0
[2025-07-07T03:44:53.627+0000] {taskinstance.py:3900} INFO - 0 downstream tasks scheduled from follow-on schedule check
[2025-07-07T03:44:53.630+0000] {local_task_job_runner.py:245} INFO - ::endgroup::
