[2025-07-07T01:17:52.784+0000] {local_task_job_runner.py:123} INFO - ::group::Pre task execution logs
[2025-07-07T01:17:53.467+0000] {taskinstance.py:2612} INFO - Dependencies all met for dep_context=non-requeueable deps ti=<TaskInstance: extract_raw_data_pipeline.create_raw_schema manual__2025-07-07T01:17:32.176148+00:00 [queued]>
[2025-07-07T01:17:53.628+0000] {taskinstance.py:2612} INFO - Dependencies all met for dep_context=requeueable deps ti=<TaskInstance: extract_raw_data_pipeline.create_raw_schema manual__2025-07-07T01:17:32.176148+00:00 [queued]>
[2025-07-07T01:17:53.649+0000] {taskinstance.py:2865} INFO - Starting attempt 1 of 1
[2025-07-07T01:18:36.185+0000] {taskinstance.py:2888} INFO - Executing <Task(SQLExecuteQueryOperator): create_raw_schema> on 2025-07-07 01:17:32.176148+00:00
[2025-07-07T01:18:36.243+0000] {warnings.py:112} WARNING - /home/***/.local/lib/python3.12/site-packages/***/task/task_runner/standard_task_runner.py:70: DeprecationWarning: This process (pid=91) is multi-threaded, use of fork() may lead to deadlocks in the child.
  pid = os.fork()

[2025-07-07T01:18:36.349+0000] {standard_task_runner.py:72} INFO - Started process 102 to run task
[2025-07-07T01:18:36.505+0000] {standard_task_runner.py:104} INFO - Running: ['***', 'tasks', 'run', 'extract_raw_data_pipeline', 'create_raw_schema', 'manual__2025-07-07T01:17:32.176148+00:00', '--job-id', '236', '--raw', '--subdir', 'DAGS_FOLDER/driven_data_pipeline.py', '--cfg-path', '/tmp/tmp_i91jz1e']
[2025-07-07T01:18:36.577+0000] {standard_task_runner.py:105} INFO - Job 236: Subtask create_raw_schema
[2025-07-07T01:18:39.259+0000] {task_command.py:467} INFO - Running <TaskInstance: extract_raw_data_pipeline.create_raw_schema manual__2025-07-07T01:17:32.176148+00:00 [running]> on host 66f5edd4257a
[2025-07-07T01:18:41.192+0000] {taskinstance.py:3131} INFO - Exporting env vars: AIRFLOW_CTX_DAG_OWNER='***' AIRFLOW_CTX_DAG_ID='extract_raw_data_pipeline' AIRFLOW_CTX_TASK_ID='create_raw_schema' AIRFLOW_CTX_EXECUTION_DATE='2025-07-07T01:17:32.176148+00:00' AIRFLOW_CTX_TRY_NUMBER='1' AIRFLOW_CTX_DAG_RUN_ID='manual__2025-07-07T01:17:32.176148+00:00'
[2025-07-07T01:18:41.227+0000] {taskinstance.py:731} INFO - ::endgroup::
[2025-07-07T01:18:41.447+0000] {sql.py:266} INFO - Executing: CREATE SCHEMA IF NOT EXISTS driven_raw;
[2025-07-07T01:18:41.573+0000] {base.py:84} INFO - Retrieving connection 'postgres_conn'
[2025-07-07T01:18:41.805+0000] {base.py:84} INFO - Retrieving connection 'postgres_conn'
[2025-07-07T01:18:41.864+0000] {sql.py:509} INFO - Running statement: CREATE SCHEMA IF NOT EXISTS driven_raw;, parameters: None
[2025-07-07T01:18:41.848+0000] {job.py:229} INFO - Heartbeat recovered after 56.02 seconds
[2025-07-07T01:18:42.150+0000] {taskinstance.py:340} INFO - ::group::Post task execution logs
[2025-07-07T01:18:42.155+0000] {taskinstance.py:352} INFO - Marking task as SUCCESS. dag_id=extract_raw_data_pipeline, task_id=create_raw_schema, run_id=manual__2025-07-07T01:17:32.176148+00:00, execution_date=20250707T011732, start_date=20250707T011753, end_date=20250707T011842
[2025-07-07T01:18:42.392+0000] {local_task_job_runner.py:266} INFO - Task exited with return code 0
[2025-07-07T01:18:42.514+0000] {local_task_job_runner.py:245} INFO - ::endgroup::
