[2025-07-03T19:22:09.129+0000] {local_task_job_runner.py:123} INFO - ::group::Pre task execution logs
[2025-07-03T19:22:09.260+0000] {taskinstance.py:2612} INFO - Dependencies all met for dep_context=non-requeueable deps ti=<TaskInstance: extract_raw_data_pipeline.create_raw_schema manual__2025-07-01T23:13:58.506235+00:00 [queued]>
[2025-07-03T19:22:09.303+0000] {taskinstance.py:2612} INFO - Dependencies all met for dep_context=requeueable deps ti=<TaskInstance: extract_raw_data_pipeline.create_raw_schema manual__2025-07-01T23:13:58.506235+00:00 [queued]>
[2025-07-03T19:22:09.312+0000] {taskinstance.py:2865} INFO - Starting attempt 1 of 1
[2025-07-03T19:22:09.502+0000] {taskinstance.py:2888} INFO - Executing <Task(SQLExecuteQueryOperator): create_raw_schema> on 2025-07-01 23:13:58.506235+00:00
[2025-07-03T19:22:09.524+0000] {warnings.py:112} WARNING - /home/***/.local/lib/python3.12/site-packages/***/task/task_runner/standard_task_runner.py:70: DeprecationWarning: This process (pid=69) is multi-threaded, use of fork() may lead to deadlocks in the child.
  pid = os.fork()

[2025-07-03T19:22:09.578+0000] {standard_task_runner.py:72} INFO - Started process 86 to run task
[2025-07-03T19:22:09.579+0000] {standard_task_runner.py:104} INFO - Running: ['***', 'tasks', 'run', 'extract_raw_data_pipeline', 'create_raw_schema', 'manual__2025-07-01T23:13:58.506235+00:00', '--job-id', '53', '--raw', '--subdir', 'DAGS_FOLDER/driven_data_pipeline.py', '--cfg-path', '/tmp/tmp6vv4zzqi']
[2025-07-03T19:22:09.583+0000] {standard_task_runner.py:105} INFO - Job 53: Subtask create_raw_schema
[2025-07-03T19:22:11.632+0000] {task_command.py:467} INFO - Running <TaskInstance: extract_raw_data_pipeline.create_raw_schema manual__2025-07-01T23:13:58.506235+00:00 [running]> on host 262baf4b9969
[2025-07-03T19:22:36.385+0000] {job.py:229} INFO - Heartbeat recovered after 20.67 seconds
[2025-07-03T19:22:37.518+0000] {taskinstance.py:3131} INFO - Exporting env vars: AIRFLOW_CTX_DAG_OWNER='***' AIRFLOW_CTX_DAG_ID='extract_raw_data_pipeline' AIRFLOW_CTX_TASK_ID='create_raw_schema' AIRFLOW_CTX_EXECUTION_DATE='2025-07-01T23:13:58.506235+00:00' AIRFLOW_CTX_TRY_NUMBER='1' AIRFLOW_CTX_DAG_RUN_ID='manual__2025-07-01T23:13:58.506235+00:00'
[2025-07-03T19:22:37.527+0000] {taskinstance.py:731} INFO - ::endgroup::
[2025-07-03T19:22:37.642+0000] {sql.py:266} INFO - Executing: CREATE SCHEMA IF NOT EXISTS driven_raw;
[2025-07-03T19:22:37.758+0000] {base.py:84} INFO - Retrieving connection 'postgres_conn'
[2025-07-03T19:22:37.861+0000] {base.py:84} INFO - Retrieving connection 'postgres_conn'
[2025-07-03T19:22:37.878+0000] {sql.py:509} INFO - Running statement: CREATE SCHEMA IF NOT EXISTS driven_raw;, parameters: None
[2025-07-03T19:22:37.918+0000] {taskinstance.py:340} INFO - ::group::Post task execution logs
[2025-07-03T19:22:37.919+0000] {taskinstance.py:352} INFO - Marking task as SUCCESS. dag_id=extract_raw_data_pipeline, task_id=create_raw_schema, run_id=manual__2025-07-01T23:13:58.506235+00:00, execution_date=20250701T231358, start_date=20250703T192209, end_date=20250703T192237
[2025-07-03T19:22:38.178+0000] {local_task_job_runner.py:266} INFO - Task exited with return code 0
[2025-07-03T19:22:38.230+0000] {taskinstance.py:3900} INFO - 0 downstream tasks scheduled from follow-on schedule check
[2025-07-03T19:22:38.247+0000] {local_task_job_runner.py:245} INFO - ::endgroup::
