[2025-06-30T09:50:39.398+0000] {local_task_job_runner.py:123} INFO - ::group::Pre task execution logs
[2025-06-30T09:50:39.513+0000] {taskinstance.py:2612} INFO - Dependencies all met for dep_context=non-requeueable deps ti=<TaskInstance: extract_raw_data_pipeline.extract_raw_data scheduled__2025-06-30T07:58:00+00:00 [queued]>
[2025-06-30T09:50:39.568+0000] {taskinstance.py:2612} INFO - Dependencies all met for dep_context=requeueable deps ti=<TaskInstance: extract_raw_data_pipeline.extract_raw_data scheduled__2025-06-30T07:58:00+00:00 [queued]>
[2025-06-30T09:50:39.569+0000] {taskinstance.py:2865} INFO - Starting attempt 1 of 1
[2025-06-30T09:50:39.621+0000] {taskinstance.py:2888} INFO - Executing <Task(PythonOperator): extract_raw_data> on 2025-06-30 07:58:00+00:00
[2025-06-30T09:50:39.646+0000] {warnings.py:112} WARNING - /home/***/.local/lib/python3.12/site-packages/***/task/task_runner/standard_task_runner.py:70: DeprecationWarning: This process (pid=1909) is multi-threaded, use of fork() may lead to deadlocks in the child.
  pid = os.fork()

[2025-06-30T09:50:39.653+0000] {standard_task_runner.py:72} INFO - Started process 1912 to run task
[2025-06-30T09:50:39.663+0000] {standard_task_runner.py:104} INFO - Running: ['***', 'tasks', 'run', 'extract_raw_data_pipeline', 'extract_raw_data', 'scheduled__2025-06-30T07:58:00+00:00', '--job-id', '18', '--raw', '--subdir', 'DAGS_FOLDER/driven_data_pipeline.py', '--cfg-path', '/tmp/tmpogpkf7iq']
[2025-06-30T09:50:39.666+0000] {standard_task_runner.py:105} INFO - Job 18: Subtask extract_raw_data
[2025-06-30T09:50:39.950+0000] {task_command.py:467} INFO - Running <TaskInstance: extract_raw_data_pipeline.extract_raw_data scheduled__2025-06-30T07:58:00+00:00 [running]> on host e5fa35027304
[2025-06-30T09:50:40.775+0000] {taskinstance.py:3131} INFO - Exporting env vars: AIRFLOW_CTX_DAG_OWNER='***' AIRFLOW_CTX_DAG_ID='extract_raw_data_pipeline' AIRFLOW_CTX_TASK_ID='extract_raw_data' AIRFLOW_CTX_EXECUTION_DATE='2025-06-30T07:58:00+00:00' AIRFLOW_CTX_TRY_NUMBER='1' AIRFLOW_CTX_DAG_RUN_ID='scheduled__2025-06-30T07:58:00+00:00'
[2025-06-30T09:50:40.789+0000] {taskinstance.py:731} INFO - ::endgroup::
[2025-06-30T09:50:47.289+0000] {logging_mixin.py:190} INFO - ✅ Raw data generated and saved to /opt/***/data/raw_data.csv
[2025-06-30T09:50:47.290+0000] {python.py:240} INFO - Done. Returned value was: None
[2025-06-30T09:50:47.307+0000] {taskinstance.py:340} INFO - ::group::Post task execution logs
[2025-06-30T09:50:47.308+0000] {taskinstance.py:352} INFO - Marking task as SUCCESS. dag_id=extract_raw_data_pipeline, task_id=extract_raw_data, run_id=scheduled__2025-06-30T07:58:00+00:00, execution_date=20250630T075800, start_date=20250630T095039, end_date=20250630T095047
[2025-06-30T09:50:47.364+0000] {local_task_job_runner.py:266} INFO - Task exited with return code 0
[2025-06-30T09:50:47.403+0000] {taskinstance.py:3900} INFO - 1 downstream tasks scheduled from follow-on schedule check
[2025-06-30T09:50:47.406+0000] {local_task_job_runner.py:245} INFO - ::endgroup::
