[2025-07-01T21:28:15.675+0000] {local_task_job_runner.py:123} INFO - ::group::Pre task execution logs
[2025-07-01T21:28:15.722+0000] {taskinstance.py:2612} INFO - Dependencies all met for dep_context=non-requeueable deps ti=<TaskInstance: extract_raw_data_pipeline.run_dbt_trusted manual__2025-07-01T21:27:31.414193+00:00 [queued]>
[2025-07-01T21:28:15.745+0000] {taskinstance.py:2612} INFO - Dependencies all met for dep_context=requeueable deps ti=<TaskInstance: extract_raw_data_pipeline.run_dbt_trusted manual__2025-07-01T21:27:31.414193+00:00 [queued]>
[2025-07-01T21:28:15.747+0000] {taskinstance.py:2865} INFO - Starting attempt 1 of 1
[2025-07-01T21:28:15.782+0000] {taskinstance.py:2888} INFO - Executing <Task(BashOperator): run_dbt_trusted> on 2025-07-01 21:27:31.414193+00:00
[2025-07-01T21:28:15.795+0000] {warnings.py:112} WARNING - /home/***/.local/lib/python3.12/site-packages/***/task/task_runner/standard_task_runner.py:70: DeprecationWarning: This process (pid=406) is multi-threaded, use of fork() may lead to deadlocks in the child.
  pid = os.fork()

[2025-07-01T21:28:15.799+0000] {standard_task_runner.py:72} INFO - Started process 407 to run task
[2025-07-01T21:28:15.800+0000] {standard_task_runner.py:104} INFO - Running: ['***', 'tasks', 'run', 'extract_raw_data_pipeline', 'run_dbt_trusted', 'manual__2025-07-01T21:27:31.414193+00:00', '--job-id', '30', '--raw', '--subdir', 'DAGS_FOLDER/driven_data_pipeline.py', '--cfg-path', '/tmp/tmps9nmsuwd']
[2025-07-01T21:28:15.803+0000] {standard_task_runner.py:105} INFO - Job 30: Subtask run_dbt_trusted
[2025-07-01T21:28:15.942+0000] {task_command.py:467} INFO - Running <TaskInstance: extract_raw_data_pipeline.run_dbt_trusted manual__2025-07-01T21:27:31.414193+00:00 [running]> on host e5fa35027304
[2025-07-01T21:28:16.154+0000] {taskinstance.py:3131} INFO - Exporting env vars: AIRFLOW_CTX_DAG_OWNER='***' AIRFLOW_CTX_DAG_ID='extract_raw_data_pipeline' AIRFLOW_CTX_TASK_ID='run_dbt_trusted' AIRFLOW_CTX_EXECUTION_DATE='2025-07-01T21:27:31.414193+00:00' AIRFLOW_CTX_TRY_NUMBER='1' AIRFLOW_CTX_DAG_RUN_ID='manual__2025-07-01T21:27:31.414193+00:00'
[2025-07-01T21:28:16.158+0000] {taskinstance.py:731} INFO - ::endgroup::
[2025-07-01T21:28:16.203+0000] {subprocess.py:63} INFO - Tmp dir root location: /tmp
[2025-07-01T21:28:16.206+0000] {subprocess.py:75} INFO - Running command: ['/usr/bin/bash', '-c', 'set -x; cd /opt/***/dbt && dbt run --select tag:trusted']
[2025-07-01T21:28:16.228+0000] {subprocess.py:86} INFO - Output:
[2025-07-01T21:28:16.236+0000] {subprocess.py:93} INFO - + cd /opt/***/dbt
[2025-07-01T21:28:16.237+0000] {subprocess.py:93} INFO - + dbt run --select tag:trusted
[2025-07-01T21:28:21.605+0000] {subprocess.py:93} INFO - [0m21:28:21  Running with dbt=1.8.0
[2025-07-01T21:28:22.312+0000] {subprocess.py:93} INFO - [0m21:28:22  Registered adapter: postgres=1.8.2
[2025-07-01T21:28:23.508+0000] {subprocess.py:93} INFO - [0m21:28:23  Found 9 models, 10 sources, 428 macros
[2025-07-01T21:28:23.518+0000] {subprocess.py:93} INFO - [0m21:28:23
[2025-07-01T21:28:23.773+0000] {subprocess.py:93} INFO - [0m21:28:23  Concurrency: 1 threads (target='dev')
[2025-07-01T21:28:23.774+0000] {subprocess.py:93} INFO - [0m21:28:23
[2025-07-01T21:28:23.797+0000] {subprocess.py:93} INFO - [0m21:28:23  1 of 4 START sql table model driven_trusted.non_pii_data ....................... [RUN]
[2025-07-01T21:28:24.142+0000] {subprocess.py:93} INFO - [0m21:28:24  1 of 4 OK created sql table model driven_trusted.non_pii_data .................. [[32mSELECT 20[0m in 0.34s]
[2025-07-01T21:28:24.148+0000] {subprocess.py:93} INFO - [0m21:28:24  2 of 4 START sql table model driven_trusted.payment_data ....................... [RUN]
[2025-07-01T21:28:24.360+0000] {subprocess.py:93} INFO - [0m21:28:24  2 of 4 OK created sql table model driven_trusted.payment_data .................. [[32mSELECT 20[0m in 0.21s]
[2025-07-01T21:28:24.367+0000] {subprocess.py:93} INFO - [0m21:28:24  3 of 4 START sql table model driven_trusted.pii_data ........................... [RUN]
[2025-07-01T21:28:24.551+0000] {subprocess.py:93} INFO - [0m21:28:24  3 of 4 OK created sql table model driven_trusted.pii_data ...................... [[32mSELECT 20[0m in 0.18s]
[2025-07-01T21:28:24.558+0000] {subprocess.py:93} INFO - [0m21:28:24  4 of 4 START sql table model driven_trusted.technical_data ..................... [RUN]
[2025-07-01T21:28:24.747+0000] {subprocess.py:93} INFO - [0m21:28:24  4 of 4 OK created sql table model driven_trusted.technical_data ................ [[32mSELECT 20[0m in 0.18s]
[2025-07-01T21:28:24.782+0000] {subprocess.py:93} INFO - [0m21:28:24
[2025-07-01T21:28:24.784+0000] {subprocess.py:93} INFO - [0m21:28:24  Finished running 4 table models in 0 hours 0 minutes and 1.26 seconds (1.26s).
[2025-07-01T21:28:24.927+0000] {subprocess.py:93} INFO - [0m21:28:24
[2025-07-01T21:28:24.931+0000] {subprocess.py:93} INFO - [0m21:28:24  [32mCompleted successfully[0m
[2025-07-01T21:28:24.936+0000] {subprocess.py:93} INFO - [0m21:28:24
[2025-07-01T21:28:24.943+0000] {subprocess.py:93} INFO - [0m21:28:24  Done. PASS=4 WARN=0 ERROR=0 SKIP=0 TOTAL=4
[2025-07-01T21:28:25.781+0000] {subprocess.py:97} INFO - Command exited with return code 0
[2025-07-01T21:28:25.843+0000] {taskinstance.py:340} INFO - ::group::Post task execution logs
[2025-07-01T21:28:25.844+0000] {taskinstance.py:352} INFO - Marking task as SUCCESS. dag_id=extract_raw_data_pipeline, task_id=run_dbt_trusted, run_id=manual__2025-07-01T21:27:31.414193+00:00, execution_date=20250701T212731, start_date=20250701T212815, end_date=20250701T212825
[2025-07-01T21:28:25.926+0000] {local_task_job_runner.py:266} INFO - Task exited with return code 0
[2025-07-01T21:28:25.958+0000] {taskinstance.py:3900} INFO - 0 downstream tasks scheduled from follow-on schedule check
[2025-07-01T21:28:25.962+0000] {local_task_job_runner.py:245} INFO - ::endgroup::
