[2025-07-07T01:19:01.941+0000] {local_task_job_runner.py:123} INFO - ::group::Pre task execution logs
[2025-07-07T01:19:01.970+0000] {taskinstance.py:2612} INFO - Dependencies all met for dep_context=non-requeueable deps ti=<TaskInstance: extract_raw_data_pipeline.run_dbt_staging manual__2025-07-07T01:17:32.176148+00:00 [queued]>
[2025-07-07T01:19:01.987+0000] {taskinstance.py:2612} INFO - Dependencies all met for dep_context=requeueable deps ti=<TaskInstance: extract_raw_data_pipeline.run_dbt_staging manual__2025-07-07T01:17:32.176148+00:00 [queued]>
[2025-07-07T01:19:01.988+0000] {taskinstance.py:2865} INFO - Starting attempt 1 of 1
[2025-07-07T01:19:02.015+0000] {taskinstance.py:2888} INFO - Executing <Task(BashOperator): run_dbt_staging> on 2025-07-07 01:17:32.176148+00:00
[2025-07-07T01:19:02.026+0000] {warnings.py:112} WARNING - /home/***/.local/lib/python3.12/site-packages/***/task/task_runner/standard_task_runner.py:70: DeprecationWarning: This process (pid=111) is multi-threaded, use of fork() may lead to deadlocks in the child.
  pid = os.fork()

[2025-07-07T01:19:02.030+0000] {standard_task_runner.py:72} INFO - Started process 112 to run task
[2025-07-07T01:19:02.030+0000] {standard_task_runner.py:104} INFO - Running: ['***', 'tasks', 'run', 'extract_raw_data_pipeline', 'run_dbt_staging', 'manual__2025-07-07T01:17:32.176148+00:00', '--job-id', '240', '--raw', '--subdir', 'DAGS_FOLDER/driven_data_pipeline.py', '--cfg-path', '/tmp/tmppss5vnpc']
[2025-07-07T01:19:02.033+0000] {standard_task_runner.py:105} INFO - Job 240: Subtask run_dbt_staging
[2025-07-07T01:19:02.197+0000] {task_command.py:467} INFO - Running <TaskInstance: extract_raw_data_pipeline.run_dbt_staging manual__2025-07-07T01:17:32.176148+00:00 [running]> on host 66f5edd4257a
[2025-07-07T01:19:02.394+0000] {taskinstance.py:3131} INFO - Exporting env vars: AIRFLOW_CTX_DAG_OWNER='***' AIRFLOW_CTX_DAG_ID='extract_raw_data_pipeline' AIRFLOW_CTX_TASK_ID='run_dbt_staging' AIRFLOW_CTX_EXECUTION_DATE='2025-07-07T01:17:32.176148+00:00' AIRFLOW_CTX_TRY_NUMBER='1' AIRFLOW_CTX_DAG_RUN_ID='manual__2025-07-07T01:17:32.176148+00:00'
[2025-07-07T01:19:02.396+0000] {taskinstance.py:731} INFO - ::endgroup::
[2025-07-07T01:19:02.437+0000] {subprocess.py:63} INFO - Tmp dir root location: /tmp
[2025-07-07T01:19:02.440+0000] {subprocess.py:75} INFO - Running command: ['/usr/bin/bash', '-c', 'set -x; cd /opt/***/dbt && dbt run --select tag:staging']
[2025-07-07T01:19:02.460+0000] {subprocess.py:86} INFO - Output:
[2025-07-07T01:19:02.489+0000] {subprocess.py:93} INFO - + cd /opt/***/dbt
[2025-07-07T01:19:02.490+0000] {subprocess.py:93} INFO - + dbt run --select tag:staging
[2025-07-07T01:19:16.032+0000] {subprocess.py:93} INFO - [0m01:19:16  Running with dbt=1.8.0
[2025-07-07T01:19:18.090+0000] {subprocess.py:93} INFO - [0m01:19:18  Registered adapter: postgres=1.8.2
[2025-07-07T01:19:21.071+0000] {subprocess.py:93} INFO - [0m01:19:21  Found 9 models, 10 sources, 428 macros
[2025-07-07T01:19:21.095+0000] {subprocess.py:93} INFO - [0m01:19:21
[2025-07-07T01:19:22.029+0000] {subprocess.py:93} INFO - [0m01:19:22  Concurrency: 1 threads (target='dev')
[2025-07-07T01:19:22.035+0000] {subprocess.py:93} INFO - [0m01:19:22
[2025-07-07T01:19:22.122+0000] {subprocess.py:93} INFO - [0m01:19:22  1 of 5 START sql table model driven_staging.dim_address ........................ [RUN]
[2025-07-07T01:19:24.542+0000] {subprocess.py:93} INFO - [0m01:19:24  1 of 5 OK created sql table model driven_staging.dim_address ................... [[32mSELECT 30[0m in 2.29s]
[2025-07-07T01:19:24.641+0000] {subprocess.py:93} INFO - [0m01:19:24  2 of 5 START sql table model driven_staging.dim_date ........................... [RUN]
[2025-07-07T01:19:26.452+0000] {subprocess.py:93} INFO - [0m01:19:26  2 of 5 OK created sql table model driven_staging.dim_date ...................... [[32mSELECT 30[0m in 1.73s]
[2025-07-07T01:19:26.490+0000] {subprocess.py:93} INFO - [0m01:19:26  3 of 5 START sql table model driven_staging.dim_finance ........................ [RUN]
[2025-07-07T01:19:27.752+0000] {subprocess.py:93} INFO - [0m01:19:27  3 of 5 OK created sql table model driven_staging.dim_finance ................... [[32mSELECT 30[0m in 1.23s]
[2025-07-07T01:19:27.803+0000] {subprocess.py:93} INFO - [0m01:19:27  4 of 5 START sql table model driven_staging.dim_person ......................... [RUN]
[2025-07-07T01:19:28.963+0000] {subprocess.py:93} INFO - [0m01:19:28  4 of 5 OK created sql table model driven_staging.dim_person .................... [[32mSELECT 30[0m in 1.17s]
[2025-07-07T01:19:28.982+0000] {subprocess.py:93} INFO - [0m01:19:28  5 of 5 START sql table model driven_staging.fact_network_usage ................. [RUN]
[2025-07-07T01:19:29.593+0000] {subprocess.py:93} INFO - [0m01:19:29  5 of 5 OK created sql table model driven_staging.fact_network_usage ............ [[32mSELECT 30[0m in 0.59s]
[2025-07-07T01:19:30.341+0000] {subprocess.py:93} INFO - [0m01:19:30
[2025-07-07T01:19:30.357+0000] {subprocess.py:93} INFO - [0m01:19:30  Finished running 5 table models in 0 hours 0 minutes and 9.23 seconds (9.23s).
[2025-07-07T01:19:30.937+0000] {subprocess.py:93} INFO - [0m01:19:30
[2025-07-07T01:19:30.946+0000] {subprocess.py:93} INFO - [0m01:19:30  [32mCompleted successfully[0m
[2025-07-07T01:19:30.954+0000] {subprocess.py:93} INFO - [0m01:19:30
[2025-07-07T01:19:30.962+0000] {subprocess.py:93} INFO - [0m01:19:30  Done. PASS=5 WARN=0 ERROR=0 SKIP=0 TOTAL=5
[2025-07-07T01:19:43.497+0000] {subprocess.py:97} INFO - Command exited with return code 0
[2025-07-07T01:19:43.629+0000] {taskinstance.py:340} INFO - ::group::Post task execution logs
[2025-07-07T01:19:43.635+0000] {taskinstance.py:352} INFO - Marking task as SUCCESS. dag_id=extract_raw_data_pipeline, task_id=run_dbt_staging, run_id=manual__2025-07-07T01:17:32.176148+00:00, execution_date=20250707T011732, start_date=20250707T011901, end_date=20250707T011943
[2025-07-07T01:19:43.733+0000] {local_task_job_runner.py:266} INFO - Task exited with return code 0
[2025-07-07T01:19:43.908+0000] {taskinstance.py:3900} INFO - 1 downstream tasks scheduled from follow-on schedule check
[2025-07-07T01:19:43.918+0000] {local_task_job_runner.py:245} INFO - ::endgroup::
