[2025-07-01T21:27:55.246+0000] {local_task_job_runner.py:123} INFO - ::group::Pre task execution logs
[2025-07-01T21:27:55.285+0000] {taskinstance.py:2612} INFO - Dependencies all met for dep_context=non-requeueable deps ti=<TaskInstance: extract_raw_data_pipeline.create_raw_table manual__2025-07-01T21:27:31.414193+00:00 [queued]>
[2025-07-01T21:27:55.304+0000] {taskinstance.py:2612} INFO - Dependencies all met for dep_context=requeueable deps ti=<TaskInstance: extract_raw_data_pipeline.create_raw_table manual__2025-07-01T21:27:31.414193+00:00 [queued]>
[2025-07-01T21:27:55.305+0000] {taskinstance.py:2865} INFO - Starting attempt 1 of 1
[2025-07-01T21:27:55.332+0000] {taskinstance.py:2888} INFO - Executing <Task(SQLExecuteQueryOperator): create_raw_table> on 2025-07-01 21:27:31.414193+00:00
[2025-07-01T21:27:55.341+0000] {warnings.py:112} WARNING - /home/***/.local/lib/python3.12/site-packages/***/task/task_runner/standard_task_runner.py:70: DeprecationWarning: This process (pid=380) is multi-threaded, use of fork() may lead to deadlocks in the child.
  pid = os.fork()

[2025-07-01T21:27:55.345+0000] {standard_task_runner.py:72} INFO - Started process 381 to run task
[2025-07-01T21:27:55.346+0000] {standard_task_runner.py:104} INFO - Running: ['***', 'tasks', 'run', 'extract_raw_data_pipeline', 'create_raw_table', 'manual__2025-07-01T21:27:31.414193+00:00', '--job-id', '27', '--raw', '--subdir', 'DAGS_FOLDER/driven_data_pipeline.py', '--cfg-path', '/tmp/tmpj4ufc6dq']
[2025-07-01T21:27:55.349+0000] {standard_task_runner.py:105} INFO - Job 27: Subtask create_raw_table
[2025-07-01T21:27:55.468+0000] {task_command.py:467} INFO - Running <TaskInstance: extract_raw_data_pipeline.create_raw_table manual__2025-07-01T21:27:31.414193+00:00 [running]> on host e5fa35027304
[2025-07-01T21:27:55.672+0000] {taskinstance.py:3131} INFO - Exporting env vars: AIRFLOW_CTX_DAG_OWNER='***' AIRFLOW_CTX_DAG_ID='extract_raw_data_pipeline' AIRFLOW_CTX_TASK_ID='create_raw_table' AIRFLOW_CTX_EXECUTION_DATE='2025-07-01T21:27:31.414193+00:00' AIRFLOW_CTX_TRY_NUMBER='1' AIRFLOW_CTX_DAG_RUN_ID='manual__2025-07-01T21:27:31.414193+00:00'
[2025-07-01T21:27:55.679+0000] {taskinstance.py:731} INFO - ::endgroup::
[2025-07-01T21:27:55.718+0000] {sql.py:266} INFO - Executing: 
        CREATE TABLE IF NOT EXISTS driven_raw.raw_batch_data (
            person_name VARCHAR(100),
            user_name VARCHAR(100),
            email VARCHAR(100),
            personal_number NUMERIC,
            birth_date VARCHAR(100),
            address VARCHAR(100),
            phone VARCHAR(100),
            mac_address VARCHAR(100),
            ip_address VARCHAR(100),
            iban VARCHAR(100),
            accessed_at TIMESTAMP,
            session_duration INT,
            download_speed INT,
            upload_speed INT,
            consumed_traffic INT,
            unique_id VARCHAR(100)
        );
    
[2025-07-01T21:27:55.734+0000] {base.py:84} INFO - Retrieving connection 'postgres_conn'
[2025-07-01T21:27:55.756+0000] {base.py:84} INFO - Retrieving connection 'postgres_conn'
[2025-07-01T21:27:55.765+0000] {sql.py:509} INFO - Running statement: 
        CREATE TABLE IF NOT EXISTS driven_raw.raw_batch_data (
            person_name VARCHAR(100),
            user_name VARCHAR(100),
            email VARCHAR(100),
            personal_number NUMERIC,
            birth_date VARCHAR(100),
            address VARCHAR(100),
            phone VARCHAR(100),
            mac_address VARCHAR(100),
            ip_address VARCHAR(100),
            iban VARCHAR(100),
            accessed_at TIMESTAMP,
            session_duration INT,
            download_speed INT,
            upload_speed INT,
            consumed_traffic INT,
            unique_id VARCHAR(100)
        );
    , parameters: None
[2025-07-01T21:27:55.791+0000] {taskinstance.py:340} INFO - ::group::Post task execution logs
[2025-07-01T21:27:55.792+0000] {taskinstance.py:352} INFO - Marking task as SUCCESS. dag_id=extract_raw_data_pipeline, task_id=create_raw_table, run_id=manual__2025-07-01T21:27:31.414193+00:00, execution_date=20250701T212731, start_date=20250701T212755, end_date=20250701T212755
[2025-07-01T21:27:55.845+0000] {local_task_job_runner.py:266} INFO - Task exited with return code 0
[2025-07-01T21:27:55.909+0000] {taskinstance.py:3900} INFO - 1 downstream tasks scheduled from follow-on schedule check
[2025-07-01T21:27:55.912+0000] {local_task_job_runner.py:245} INFO - ::endgroup::
