[2025-07-03T19:22:36.372+0000] {local_task_job_runner.py:123} INFO - ::group::Pre task execution logs
[2025-07-03T19:22:37.393+0000] {taskinstance.py:2612} INFO - Dependencies all met for dep_context=non-requeueable deps ti=<TaskInstance: extract_raw_data_pipeline.extract_raw_data scheduled__2025-07-03T07:58:00+00:00 [queued]>
[2025-07-03T19:22:37.544+0000] {taskinstance.py:2612} INFO - Dependencies all met for dep_context=requeueable deps ti=<TaskInstance: extract_raw_data_pipeline.extract_raw_data scheduled__2025-07-03T07:58:00+00:00 [queued]>
[2025-07-03T19:22:37.545+0000] {taskinstance.py:2865} INFO - Starting attempt 1 of 1
[2025-07-03T19:22:37.645+0000] {taskinstance.py:2888} INFO - Executing <Task(PythonOperator): extract_raw_data> on 2025-07-03 07:58:00+00:00
[2025-07-03T19:22:37.683+0000] {warnings.py:112} WARNING - /home/***/.local/lib/python3.12/site-packages/***/task/task_runner/standard_task_runner.py:70: DeprecationWarning: This process (pid=72) is multi-threaded, use of fork() may lead to deadlocks in the child.
  pid = os.fork()

[2025-07-03T19:22:37.704+0000] {standard_task_runner.py:72} INFO - Started process 89 to run task
[2025-07-03T19:22:37.773+0000] {standard_task_runner.py:104} INFO - Running: ['***', 'tasks', 'run', 'extract_raw_data_pipeline', 'extract_raw_data', 'scheduled__2025-07-03T07:58:00+00:00', '--job-id', '54', '--raw', '--subdir', 'DAGS_FOLDER/driven_data_pipeline.py', '--cfg-path', '/tmp/tmpu2y5wzk0']
[2025-07-03T19:22:37.780+0000] {standard_task_runner.py:105} INFO - Job 54: Subtask extract_raw_data
[2025-07-03T19:22:38.364+0000] {task_command.py:467} INFO - Running <TaskInstance: extract_raw_data_pipeline.extract_raw_data scheduled__2025-07-03T07:58:00+00:00 [running]> on host 262baf4b9969
[2025-07-03T19:22:38.928+0000] {taskinstance.py:3131} INFO - Exporting env vars: AIRFLOW_CTX_DAG_OWNER='***' AIRFLOW_CTX_DAG_ID='extract_raw_data_pipeline' AIRFLOW_CTX_TASK_ID='extract_raw_data' AIRFLOW_CTX_EXECUTION_DATE='2025-07-03T07:58:00+00:00' AIRFLOW_CTX_TRY_NUMBER='1' AIRFLOW_CTX_DAG_RUN_ID='scheduled__2025-07-03T07:58:00+00:00'
[2025-07-03T19:22:38.938+0000] {taskinstance.py:731} INFO - ::endgroup::
[2025-07-03T19:22:39.011+0000] {driven_data_pipeline.py:143} INFO - Started batch processing for 2025-07-03.
[2025-07-03T19:22:39.013+0000] {driven_data_pipeline.py:34} INFO - Created synthetic data for MX country code.
[2025-07-03T19:22:40.356+0000] {driven_data_pipeline.py:100} INFO - Written 367 records to the CSV file.
[2025-07-03T19:22:41.458+0000] {driven_data_pipeline.py:116} INFO - Added UUID to the dataset.
[2025-07-03T19:22:41.805+0000] {driven_data_pipeline.py:135} INFO - Updated accessed timestamp.
[2025-07-03T19:22:41.809+0000] {driven_data_pipeline.py:151} INFO - Finished batch processing 2025-07-03.
[2025-07-03T19:22:41.811+0000] {python.py:240} INFO - Done. Returned value was: None
[2025-07-03T19:22:41.871+0000] {taskinstance.py:340} INFO - ::group::Post task execution logs
[2025-07-03T19:22:41.873+0000] {taskinstance.py:352} INFO - Marking task as SUCCESS. dag_id=extract_raw_data_pipeline, task_id=extract_raw_data, run_id=scheduled__2025-07-03T07:58:00+00:00, execution_date=20250703T075800, start_date=20250703T192237, end_date=20250703T192241
[2025-07-03T19:22:42.024+0000] {local_task_job_runner.py:266} INFO - Task exited with return code 0
[2025-07-03T19:22:42.207+0000] {taskinstance.py:3900} INFO - 1 downstream tasks scheduled from follow-on schedule check
[2025-07-03T19:22:42.212+0000] {local_task_job_runner.py:245} INFO - ::endgroup::
